[epaper.jugasankha.in/index.html]
[dainikjugasankha.in/wp-content/themes/epaper/images/favicon.png]
[stackpath.bootstrapcdn.com/bootstrap/4.1.0/css/bootstrap.min.css]
[sf.readwhere.com/read/theme/dainikjugsankha/css/style3abe.css]
[use.fontawesome.com/releases/v5.0.13/css/all.css]
[ajax.googleapis.com/ajax/libs/jquery/1.11.1/jquery.min.js]
[cdnjs.cloudflare.com/ajax/libs/popper.js/1.12.9/umd/popper.min.js]
[stackpath.bootstrapcdn.com/bootstrap/4.1.0/js/bootstrap.min.js]
[sf.readwhere.com/read/js/libs/detectmobilebrowser9127.js]
[backblue.gif]
[fade.gif]
[index.html]
[sf.readwhere.com/read/theme/dainikjugsankha/js/script25712.js]
[www.readwhere.com/js/rwconnect/allV2.js]
[epaper.jugasankha.in/user/mypurchase.html]
[epaper.jugasankha.in/theme/dainikjugsankha/image/logo.png]
[epaper.jugasankha.in/t/31264.html]
[epaper.jugasankha.in/t/31318.html]
[epaper.jugasankha.in/t/31263.html]
[epaper.jugasankha.in/t/31226.html]
[marketing-readwhere.s3.amazonaws.com/mailer1/newlogobookfair.png]
[epaper.jugasankha.in/index.html]
[stackpath.bootstrapcdn.com/bootstrap/4.1.0/css/bootstrap.min.css]
[images.mathrubhumi.com/polopoly/images/mathrubhumi/top_menu_border.gif]
[sf.readwhere.com/read/theme/dainikjugsankha/css/style3abe.css]
[use.fontawesome.com/releases/v5.0.13/css/all.css]
[sf.readwhere.com/read/design-elements/OwlCarousel2-2.3.4/assets/owl.carousel.min874a.css]
[sf.readwhere.com/read/design-elements/OwlCarousel2-2.3.4/assets/owl.theme.default.min874a.css]
[sf.readwhere.com/read/design-elements/OwlCarousel2-2.3.4/owl.carousel.min4497.js]
[epaper.jugasankha.in/user/mypurchase.html]
[sf.readwhere.com/read/theme/dainikjugsankha/js/shelf5712.js]
[epaper.jugasankha.in/2751463/SILCHAR-EDITION/KOLKATA-EDITION#page/1/1.html]
[epaper.jugasankha.in/2750463/SILCHAR-EDITION/KOLKATA-EDITION#page/1/1.html]
[epaper.jugasankha.in/2749112/SILCHAR-EDITION/KOLKATA-EDITION#page/1/1.html]
[epaper.jugasankha.in/2748076/SILCHAR-EDITION/KOLKATA-1#page/1/1.html]
[epaper.jugasankha.in/2746886/SILCHAR-EDITION/KOLKATA-EDITION#page/1/1.html]
[epaper.jugasankha.in/2745685/SILCHAR-EDITION/KOLKATA-EDITION#page/1/1.html]
[epaper.jugasankha.in/2744401/SILCHAR-EDITION/KOLKATA-EDITION#page/1/1.html]
[epaper.jugasankha.in/2743187/SILCHAR-EDITION/KOLKATA-EDITION#page/1/1.html]
[epaper.jugasankha.in/2742010/SILCHAR-EDITION/KOLKATA-EDITION#page/1/1.html]
[epaper.jugasankha.in/2740679/SILCHAR-EDITION/KOLKATA-EDITION#page/1/1.html]
[epaper.jugasankha.in/2739621/SILCHAR-EDITION/KOLKATA-EDITION#page/1/1.html]
[epaper.jugasankha.in/2738377/SILCHAR-EDITION/KOLKATA-EDITION#page/1/1.html]
[epaper.jugasankha.in/2737215/SILCHAR-EDITION/KOLKATA-EDITION#page/1/1.html]
[epaper.jugasankha.in/2736013/SILCHAR-EDITION/KOLKATA-EDITION#page/1/1.html]
[epaper.jugasankha.in/2734447/SILCHAR-EDITION/KOLKATA-EDITION#page/1/1.html]
[epaper.jugasankha.in/2733188/SILCHAR-EDITION/KOLKATA-EDITION#page/1/1.html]
[epaper.jugasankha.in/2732306/SILCHAR-EDITION/KOLKATA-EDITION#page/1/1.html]
[epaper.jugasankha.in/2732172/SILCHAR-EDITION/KOLKATA-EDITION#page/1/1.html]
[epaper.jugasankha.in/2730874/SILCHAR-EDITION/KOLKATA-EDITION#page/1/1.html]
[epaper.jugasankha.in/2729765/SILCHAR-EDITION/KOLKATA-EDITION#page/1/1.html]
[epaper.jugasankha.in/2728706/SILCHAR-EDITION/KOLKATA-EDITION#page/1/1.html]
[epaper.jugasankha.in/2727149/SILCHAR-EDITION/KOLKATA-EDITION#page/1/1.html]
[epaper.jugasankha.in/2726064/SILCHAR-EDITION/KOLKATA-EDITION#page/1/1.html]
[epaper.jugasankha.in/2724924/SILCHAR-EDITION/KOLKATA-EDITION#page/1/1.html]
[epaper.jugasankha.in/2723638/SILCHAR-EDITION/KOLKATA-EDITION#page/1/1.html]
[epaper.jugasankha.in/2722436/SILCHAR-EDITION/KOLKATA#page/1/1.html]
[epaper.jugasankha.in/2721439/SILCHAR-EDITION/KOLKATA-EDITION#page/1/1.html]
[epaper.jugasankha.in/2720156/SILCHAR-EDITION/KOLKATAC#page/1/1.html]
[epaper.jugasankha.in/t/31264.html]
[epaper.jugasankha.in/2718687/SILCHAR-EDITION/KOLKATA-EDITION#page/1/1.html]
[epaper.jugasankha.in/2751466/SILIGURI-EDITION/SILIGURI-EDITION#page/1/1.html]
[epaper.jugasankha.in/2750466/SILIGURI-EDITION/SILIGURI-EDITION#page/1/1.html]
[epaper.jugasankha.in/2749114/SILIGURI-EDITION/SILIGURI-EDITION#page/1/1.html]
[epaper.jugasankha.in/2748077/SILIGURI-EDITION/SILIGURI-EDITION#page/1/1.html]
[epaper.jugasankha.in/2746887/SILIGURI-EDITION/SILIGURI-EDITION#page/1/1.html]
[epaper.jugasankha.in/2745687/SILIGURI-EDITION/SILIGURI-EDITION#page/1/1.html]
[epaper.jugasankha.in/2744402/SILIGURI-EDITION/SILIGURI-EDITION#page/1/1.html]
[epaper.jugasankha.in/2743188/SILIGURI-EDITION/SILIGURI-EDITION#page/1/1.html]
[epaper.jugasankha.in/2742011/SILIGURI-EDITION/SILIGURI-EDITION#page/1/1.html]
[epaper.jugasankha.in/2740680/SILIGURI-EDITION/SILIGURI-EDITION#page/1/1.html]
[epaper.jugasankha.in/2739622/SILIGURI-EDITION/SILIGURI-EDITION#page/1/1.html]
[epaper.jugasankha.in/2738378/SILIGURI-EDITION/SILIGURI-EDITION#page/1/1.html]
[epaper.jugasankha.in/2737216/SILIGURI-EDITION/SILIGURI-EDITION#page/1/1.html]
[epaper.jugasankha.in/2736014/SILIGURI-EDITION/SILIGURI-EDITION#page/1/1.html]
[epaper.jugasankha.in/2734451/SILIGURI-EDITION/SILIGURI-EDITION#page/1/1.html]
[epaper.jugasankha.in/2733190/SILIGURI-EDITION/SILIGURI-EDITION#page/1/1.html]
[epaper.jugasankha.in/2732307/SILIGURI-EDITION/SILIGURI-EDITION#page/1/1.html]
[epaper.jugasankha.in/2732175/SILIGURI-EDITION/SILIGURI-EDITION#page/1/1.html]
[epaper.jugasankha.in/2730876/SILIGURI-EDITION/SILIGURI-EDITION#page/1/1.html]
[epaper.jugasankha.in/2729769/SILIGURI-EDITION/SILIGURI-EDITION#page/1/1.html]
[epaper.jugasankha.in/2728707/SILIGURI-EDITION/SILIGURI-EDITION#page/1/1.html]
[epaper.jugasankha.in/2727156/SILIGURI-EDITION/SILIGURI-EDITION#page/1/1.html]
[epaper.jugasankha.in/2726066/SILIGURI-EDITION/SILIGURI-EDITION#page/1/1.html]
[epaper.jugasankha.in/2724926/SILIGURI-EDITION/SILIGURI-EDITION#page/1/1.html]
[epaper.jugasankha.in/2723641/SILIGURI-EDITION/SILIGURI-EDITION#page/1/1.html]
[epaper.jugasankha.in/2722428/SILIGURI-EDITION/SILIGURI#page/1/1.html]
[epaper.jugasankha.in/2721440/SILIGURI-EDITION/SILIGURI-EDITION#page/1/1.html]
[epaper.jugasankha.in/2720162/SILIGURI-EDITION/SILIGURI-EDITION#page/1/1.html]
[epaper.jugasankha.in/t/31318.html]
[epaper.jugasankha.in/2718689/SILIGURI-EDITION/SILIGURI-EDITION#page/1/1.html]
[epaper.jugasankha.in/2751471/GUWAHATI-EDITION/GUWAHAT-EDITION#page/1/1.html]
[epaper.jugasankha.in/2750467/GUWAHATI-EDITION/GUWAHAT-EDITION#page/1/1.html]
[epaper.jugasankha.in/2749117/GUWAHATI-EDITION/GUWAHATI-EDITION#page/1/1.html]
[epaper.jugasankha.in/2748078/GUWAHATI-EDITION/GUWAHAT-EDITION#page/1/1.html]
[epaper.jugasankha.in/2746888/GUWAHATI-EDITION/GUWAHATI-EDITION#page/1/1.html]
[epaper.jugasankha.in/2745688/GUWAHATI-EDITION/GUWAHATI-EDITION#page/1/1.html]
[epaper.jugasankha.in/2744404/GUWAHATI-EDITION/GUWAHAT-EDITION#page/1/1.html]
[epaper.jugasankha.in/2743189/GUWAHATI-EDITION/GUWAHAT-EDITION#page/1/1.html]
[epaper.jugasankha.in/2742012/GUWAHATI-EDITION/GUWAHAT-EDITION#page/1/1.html]
[epaper.jugasankha.in/2740684/GUWAHATI-EDITION/GUWAHAT-EDITION#page/1/1.html]
[epaper.jugasankha.in/2739623/GUWAHATI-EDITION/GUWAHAT-EDITION#page/1/1.html]
[epaper.jugasankha.in/2738380/GUWAHATI-EDITION/GUWAHAT-EDITION#page/1/1.html]
[epaper.jugasankha.in/2737217/GUWAHATI-EDITION/GUWAHAT-EDITION#page/1/1.html]
[epaper.jugasankha.in/2736015/GUWAHATI-EDITION/GUWAHAT-EDITION#page/1/1.html]
[epaper.jugasankha.in/2734455/GUWAHATI-EDITION/GUWAHAT-EDITION#page/1/1.html]
[epaper.jugasankha.in/2733191/GUWAHATI-EDITION/GUWAHATI-EDITION#page/1/1.html]
[epaper.jugasankha.in/2732309/GUWAHATI-EDITION/GUWAHATI-EDITION#page/1/1.html]
[epaper.jugasankha.in/2732178/GUWAHATI-EDITION/GUWAHATI-EDITION#page/1/1.html]
[epaper.jugasankha.in/2730877/GUWAHATI-EDITION/GUWAHATI-EDITION#page/1/1.html]
[epaper.jugasankha.in/2729314/GUWAHATI-EDITION/GUWAHATI-EDITION#page/1/1.html]
[epaper.jugasankha.in/2728708/GUWAHATI-EDITION/GUWAHATI-EDITION#page/1/1.html]
[epaper.jugasankha.in/2727119/GUWAHATI-EDITION/GUWAHATI-EDITION#page/1/1.html]
[epaper.jugasankha.in/2726068/GUWAHATI-EDITION/GUWAHATI-EDITION#page/1/1.html]
[epaper.jugasankha.in/2724927/GUWAHATI-EDITION/GUWAHATI-EDITION#page/1/1.html]
[epaper.jugasankha.in/2723654/GUWAHATI-EDITION/GUWAHATI-EDITION#page/1/1.html]
[epaper.jugasankha.in/2722445/GUWAHATI-EDITION/GUWAHATI#page/1/1.html]
[epaper.jugasankha.in/2721441/GUWAHATI-EDITION/GUWAHATI-EDITION#page/1/1.html]
[epaper.jugasankha.in/2720166/GUWAHATI-EDITION/GUWAHATI-EDITION#page/1/1.html]
[epaper.jugasankha.in/t/31263.html]
[epaper.jugasankha.in/2718691/GUWAHATI-EDITION/GUWAHATI-EDITION#page/1/1.html]
[epaper.jugasankha.in/2751477/SILCHAR-EDITION/SILCHAR-EDITION#page/1/1.html]
[epaper.jugasankha.in/2750468/SILCHAR-EDITION/SILCHAR-EDITION#page/1/1.html]
[epaper.jugasankha.in/2749121/SILCHAR-EDITION/SILCHAR-EDITION#page/1/1.html]
[epaper.jugasankha.in/2748079/SILCHAR-EDITION/SILCHAR-EDITION#page/1/1.html]
[epaper.jugasankha.in/2746889/SILCHAR-EDITION/SILCHAR-EDITION#page/1/1.html]
[epaper.jugasankha.in/2745689/SILCHAR-EDITION/SILCHAR-EDITION#page/1/1.html]
[epaper.jugasankha.in/2744405/SILCHAR-EDITION/SILCHAR-EDITION#page/1/1.html]
[epaper.jugasankha.in/2743190/SILCHAR-EDITION/SILCHAR-EDITION#page/1/1.html]
[epaper.jugasankha.in/2742013/SILCHAR-EDITION/SILCHAR-EDITION#page/1/1.html]
[epaper.jugasankha.in/2740686/SILCHAR-EDITION/SILCHAR-EDITION#page/1/1.html]
[epaper.jugasankha.in/2739624/SILCHAR-EDITION/SILCHAR-EDITION#page/1/1.html]
[epaper.jugasankha.in/2738381/SILCHAR-EDITION/SILCHAR-EDITION#page/1/1.html]
[epaper.jugasankha.in/2737218/SILCHAR-EDITION/SILCHAR-EDITION#page/1/1.html]
[epaper.jugasankha.in/2736016/SILCHAR-EDITION/SILCHAR-EDITION#page/1/1.html]
[epaper.jugasankha.in/2734636/SILCHAR-EDITION/SILCHAR-EDITION#page/1/1.html]
[epaper.jugasankha.in/2733194/SILCHAR-EDITION/SILCHAR-EDITION#page/1/1.html]
[epaper.jugasankha.in/2732310/SILCHAR-EDITION/SILCHAR-EDITION#page/1/1.html]
[epaper.jugasankha.in/2732180/SILCHAR-EDITION/SILCHAR-EDITION#page/1/1.html]
[epaper.jugasankha.in/2730878/SILCHAR-EDITION/SILCHAR-EDITION#page/1/1.html]
[epaper.jugasankha.in/2729778/SILCHAR-EDITION/SILCHAR-EDITION#page/1/1.html]
[epaper.jugasankha.in/2728709/SILCHAR-EDITION/SILCHAR-EDITION#page/1/1.html]
[epaper.jugasankha.in/2727317/SILCHAR-EDITION/SILCHAR-EDITION#page/1/1.html]
[epaper.jugasankha.in/2726180/SILCHAR-EDITION/SILCHAR-EDITION#page/1/1.html]
[epaper.jugasankha.in/2724930/SILCHAR-EDITION/SILCHAR-EDITION#page/1/1.html]
[epaper.jugasankha.in/2723666/SILCHAR-EDITION/SILCHAR-EDITION#page/1/1.html]
[epaper.jugasankha.in/2722446/SILCHAR-EDITION/SILCHAR#page/1/1.html]
[epaper.jugasankha.in/2721443/SILCHAR-EDITION/SILCHAR-EDITION#page/1/1.html]
[epaper.jugasankha.in/2720170/SILCHAR-EDITION/SILCHAR-EDITION#page/1/1.html]
[epaper.jugasankha.in/t/31226.html]
[epaper.jugasankha.in/2718815/SILCHAR-EDITION/SILCHAR-EDITION#page/1/1.html]
[sf.readwhere.com/read/design-elements/OwlCarousel2-2.3.4/assets/owl.video.play.png]
[sf.readwhere.com/read/design-elements/OwlCarousel2-2.3.4/assets/owl.carousel.min874a.css]
[sf.readwhere.com/read/design-elements/OwlCarousel2-2.3.4/assets/owl.theme.default.min874a.css]
[cdn.ampproject.org/v0/amp-ad-0.1.js]
[ajax.googleapis.com/ajax/libs/jquery/1.11.0/jquery.min.js]
[sf.readwhere.com/read/styles/bootstrap3.min5de8.css]
[sf.readwhere.com/read/styles/viewer-v455c1.css]
[sf.readwhere.com/read/styles/imgareaselect-default5de8.css]
[sf.readwhere.com/read/styles/bootstrap-tour43ab.css]
[gitcdn.github.io/bootstrap-toggle/2.2.2/css/bootstrap-toggle.min.css]
[gitcdn.github.io/bootstrap-toggle/2.2.2/js/bootstrap-toggle.min.js]
[maxcdn.bootstrapcdn.com/font-awesome/4.4.0/css/font-awesome.min.css]
[pagead2.googlesyndication.com/pagead/js/f.txt]
[www.google-analytics.com/analytics.js]
[connect.facebook.net/en_US/sdk.js]
[cache.epapr.in/masthead/5e6e6cf408bd8.jpg]
[epaper.jugasankha.in/2752593/SILCHAR-EDITION/KOLKATA-EDITION#page/1/1.html]
[cache.epapr.in/static/loader.gif]
[sf.readwhere.com/read/theme/images/loader.gif]
[sf.readwhere.com/img/ver16_logo_icon.png]
[sf.readwhere.com/img/readwherelogo2.png]
[cache.epapr.in/static/mapp/img/appstore-btn.png]
[cache.epapr.in/static/mapp/img/play-store.png]
[cache.epapr.in/logos/logo_image_5e790c3a5c52f.jpg]
[marketing-readwhere.s3.amazonaws.com/10548.png]
[marketing-readwhere.s3.amazonaws.com/10548.3.png]
[marketing-readwhere.s3.amazonaws.com/10548.2.png]
[epaper.jugasankha.in/2540927/Dainik-Jugasankha/Kolkata-Edition-Bengali#page/1/1.html]
[epaper.jugasankha.in/2540934/Jugasankha-Siliguri-Edition/Jugasankha-Siliguri-Edition#page/1/1.html]
[epaper.jugasankha.in/2540939/Jugasankha-Guwahati-Edition/Guwahti-Daily-Newspaper#page/1/1.html]
[epaper.jugasankha.in/2540940/Jugasankha-Silchar-Edition/Jugasankha-Daily-Newspaper#page/1/1.html]
[epaper.jugasankha.in/2752561/GUWAHATI-EDITION/GUWAHAT-EDITION#page/1/1.html]
[epaper.jugasankha.in/2752596/SILIGURI-EDITION/SILIGURI-EDITION#page/1/1.html]
[epaper.jugasankha.in/2592322/KOLKATA-EDITION/13-03-2020#page/1/1.html]
[epaper.jugasankha.in/2592372/GUWAHATI-EDITION/13-03-2020#page/1/1.html]
[epaper.jugasankha.in/2592385/SILCHAR-EDITION/SILCHAR-EDITION#page/1/1.html]
[epaper.jugasankha.in/2752774/SILCHAR-EDITION/SILCHAR-EDITION#page/1/1.html]
[epaper.jugasankha.in/2592809/KOLKATA-EDITION/KOLKATA-EDITION#page/1/1.html]
[epaper.jugasankha.in/2592822/GUWAHATI-EDITION/GUWAHATI-EDITION#page/1/1.html]
[sf.readwhere.com/read/js/sweet-alert4a64.js]
[sf.readwhere.com/read/styles/sweet-alert553c.css]
[www.gstatic.com/firebasejs/3.4.0/firebase.js]
[sf.readwhere.com/read/js/bootstrap3.mine01b.js]
[sf.readwhere.com/read/js/responsive-calendar480d.js]
[sf.readwhere.com/read/js/libs/jquery.imgareaselect.min1143.js]
[sf.readwhere.com/read/js/bootstrap-tour8a98.js]
[sf.readwhere.com/read/js/n-limited-extractor8921.js]
[sf.readwhere.com/read/js/n-limited8921.js]
[sf.readwhere.com/read/js/viewer-v47192.js]
[sf.readwhere.com/read/js/viewer-navbar-v48fc1.js]
[sf.readwhere.com/read/styles/smoothness/jquery-ui-1.8.16.customabec.css]
[sf.readwhere.com/read/js/libs/jquery-ui-1.8.16.custom.minc691.js]
[sf.readwhere.com/read/js/libs/modernizr-2.7.1.minc691.js]
[sf.readwhere.com/read/js/plugins-v38921.js]
[connect.facebook.net/en_US/fbevents.js]
[epaper.jugasankha.in/2751463/SILCHAR-EDITION/KOLKATA-EDITION#page/1/1.html]
[epaper.jugasankha.in/2750463/SILCHAR-EDITION/KOLKATA-EDITION#page/1/1.html]
[epaper.jugasankha.in/2749112/SILCHAR-EDITION/KOLKATA-EDITION#page/1/1.html]
[epaper.jugasankha.in/2748076/SILCHAR-EDITION/KOLKATA-1#page/1/1.html]
[epaper.jugasankha.in/2746886/SILCHAR-EDITION/KOLKATA-EDITION#page/1/1.html]
[epaper.jugasankha.in/2745685/SILCHAR-EDITION/KOLKATA-EDITION#page/1/1.html]
[epaper.jugasankha.in/2744401/SILCHAR-EDITION/KOLKATA-EDITION#page/1/1.html]
[epaper.jugasankha.in/2743187/SILCHAR-EDITION/KOLKATA-EDITION#page/1/1.html]
[epaper.jugasankha.in/2742010/SILCHAR-EDITION/KOLKATA-EDITION#page/1/1.html]
[epaper.jugasankha.in/2740679/SILCHAR-EDITION/KOLKATA-EDITION#page/1/1.html]
[epaper.jugasankha.in/2739621/SILCHAR-EDITION/KOLKATA-EDITION#page/1/1.html]
[epaper.jugasankha.in/2738377/SILCHAR-EDITION/KOLKATA-EDITION#page/1/1.html]
[epaper.jugasankha.in/2737215/SILCHAR-EDITION/KOLKATA-EDITION#page/1/1.html]
[epaper.jugasankha.in/2736013/SILCHAR-EDITION/KOLKATA-EDITION#page/1/1.html]
[epaper.jugasankha.in/2734447/SILCHAR-EDITION/KOLKATA-EDITION#page/1/1.html]
[epaper.jugasankha.in/2733188/SILCHAR-EDITION/KOLKATA-EDITION#page/1/1.html]
[epaper.jugasankha.in/2732306/SILCHAR-EDITION/KOLKATA-EDITION#page/1/1.html]
[epaper.jugasankha.in/2732172/SILCHAR-EDITION/KOLKATA-EDITION#page/1/1.html]
[epaper.jugasankha.in/2730874/SILCHAR-EDITION/KOLKATA-EDITION#page/1/1.html]
[epaper.jugasankha.in/2729765/SILCHAR-EDITION/KOLKATA-EDITION#page/1/1.html]
[epaper.jugasankha.in/2728706/SILCHAR-EDITION/KOLKATA-EDITION#page/1/1.html]
[epaper.jugasankha.in/2727149/SILCHAR-EDITION/KOLKATA-EDITION#page/1/1.html]
[epaper.jugasankha.in/2726064/SILCHAR-EDITION/KOLKATA-EDITION#page/1/1.html]
[epaper.jugasankha.in/2724924/SILCHAR-EDITION/KOLKATA-EDITION#page/1/1.html]
[epaper.jugasankha.in/2723638/SILCHAR-EDITION/KOLKATA-EDITION#page/1/1.html]
[epaper.jugasankha.in/2722436/SILCHAR-EDITION/KOLKATA#page/1/1.html]
[epaper.jugasankha.in/2721439/SILCHAR-EDITION/KOLKATA-EDITION#page/1/1.html]
[epaper.jugasankha.in/2720156/SILCHAR-EDITION/KOLKATAC#page/1/1.html]
[epaper.jugasankha.in/2718687/SILCHAR-EDITION/KOLKATA-EDITION#page/1/1.html]
[cache.epapr.in/masthead/5e6f84eee89f5.jpg]
[epaper.jugasankha.in/2751466/SILIGURI-EDITION/SILIGURI-EDITION#page/1/1.html]
[epaper.jugasankha.in/2750466/SILIGURI-EDITION/SILIGURI-EDITION#page/1/1.html]
[epaper.jugasankha.in/2749114/SILIGURI-EDITION/SILIGURI-EDITION#page/1/1.html]
[epaper.jugasankha.in/2748077/SILIGURI-EDITION/SILIGURI-EDITION#page/1/1.html]
[epaper.jugasankha.in/2746887/SILIGURI-EDITION/SILIGURI-EDITION#page/1/1.html]
[epaper.jugasankha.in/2745687/SILIGURI-EDITION/SILIGURI-EDITION#page/1/1.html]
[epaper.jugasankha.in/2744402/SILIGURI-EDITION/SILIGURI-EDITION#page/1/1.html]
[epaper.jugasankha.in/2743188/SILIGURI-EDITION/SILIGURI-EDITION#page/1/1.html]
[epaper.jugasankha.in/2742011/SILIGURI-EDITION/SILIGURI-EDITION#page/1/1.html]
[epaper.jugasankha.in/2740680/SILIGURI-EDITION/SILIGURI-EDITION#page/1/1.html]
[epaper.jugasankha.in/2739622/SILIGURI-EDITION/SILIGURI-EDITION#page/1/1.html]
[epaper.jugasankha.in/2738378/SILIGURI-EDITION/SILIGURI-EDITION#page/1/1.html]
[epaper.jugasankha.in/2737216/SILIGURI-EDITION/SILIGURI-EDITION#page/1/1.html]
[epaper.jugasankha.in/2736014/SILIGURI-EDITION/SILIGURI-EDITION#page/1/1.html]
[epaper.jugasankha.in/2734451/SILIGURI-EDITION/SILIGURI-EDITION#page/1/1.html]
[epaper.jugasankha.in/2733190/SILIGURI-EDITION/SILIGURI-EDITION#page/1/1.html]
[epaper.jugasankha.in/2732307/SILIGURI-EDITION/SILIGURI-EDITION#page/1/1.html]
[epaper.jugasankha.in/2732175/SILIGURI-EDITION/SILIGURI-EDITION#page/1/1.html]
[epaper.jugasankha.in/2730876/SILIGURI-EDITION/SILIGURI-EDITION#page/1/1.html]
[epaper.jugasankha.in/2729769/SILIGURI-EDITION/SILIGURI-EDITION#page/1/1.html]
[epaper.jugasankha.in/2728707/SILIGURI-EDITION/SILIGURI-EDITION#page/1/1.html]
[epaper.jugasankha.in/2727156/SILIGURI-EDITION/SILIGURI-EDITION#page/1/1.html]
[epaper.jugasankha.in/2726066/SILIGURI-EDITION/SILIGURI-EDITION#page/1/1.html]
[epaper.jugasankha.in/2724926/SILIGURI-EDITION/SILIGURI-EDITION#page/1/1.html]
[epaper.jugasankha.in/2723641/SILIGURI-EDITION/SILIGURI-EDITION#page/1/1.html]
[epaper.jugasankha.in/2722428/SILIGURI-EDITION/SILIGURI#page/1/1.html]
[epaper.jugasankha.in/2721440/SILIGURI-EDITION/SILIGURI-EDITION#page/1/1.html]
[epaper.jugasankha.in/2720162/SILIGURI-EDITION/SILIGURI-EDITION#page/1/1.html]
[epaper.jugasankha.in/2718689/SILIGURI-EDITION/SILIGURI-EDITION#page/1/1.html]
[cache.epapr.in/masthead/5e6e6c5dacfb8.jpg]
[epaper.jugasankha.in/2751471/GUWAHATI-EDITION/GUWAHAT-EDITION#page/1/1.html]
[epaper.jugasankha.in/2750467/GUWAHATI-EDITION/GUWAHAT-EDITION#page/1/1.html]
[epaper.jugasankha.in/2749117/GUWAHATI-EDITION/GUWAHATI-EDITION#page/1/1.html]
[epaper.jugasankha.in/2748078/GUWAHATI-EDITION/GUWAHAT-EDITION#page/1/1.html]
[epaper.jugasankha.in/2746888/GUWAHATI-EDITION/GUWAHATI-EDITION#page/1/1.html]
[epaper.jugasankha.in/2745688/GUWAHATI-EDITION/GUWAHATI-EDITION#page/1/1.html]
[epaper.jugasankha.in/2744404/GUWAHATI-EDITION/GUWAHAT-EDITION#page/1/1.html]
[epaper.jugasankha.in/2743189/GUWAHATI-EDITION/GUWAHAT-EDITION#page/1/1.html]
[epaper.jugasankha.in/2742012/GUWAHATI-EDITION/GUWAHAT-EDITION#page/1/1.html]
[epaper.jugasankha.in/2740684/GUWAHATI-EDITION/GUWAHAT-EDITION#page/1/1.html]
[epaper.jugasankha.in/2739623/GUWAHATI-EDITION/GUWAHAT-EDITION#page/1/1.html]
[epaper.jugasankha.in/2738380/GUWAHATI-EDITION/GUWAHAT-EDITION#page/1/1.html]
[epaper.jugasankha.in/2737217/GUWAHATI-EDITION/GUWAHAT-EDITION#page/1/1.html]
[epaper.jugasankha.in/2736015/GUWAHATI-EDITION/GUWAHAT-EDITION#page/1/1.html]
[epaper.jugasankha.in/2734455/GUWAHATI-EDITION/GUWAHAT-EDITION#page/1/1.html]
[epaper.jugasankha.in/2733191/GUWAHATI-EDITION/GUWAHATI-EDITION#page/1/1.html]
[epaper.jugasankha.in/2732309/GUWAHATI-EDITION/GUWAHATI-EDITION#page/1/1.html]
[epaper.jugasankha.in/2732178/GUWAHATI-EDITION/GUWAHATI-EDITION#page/1/1.html]
[epaper.jugasankha.in/2730877/GUWAHATI-EDITION/GUWAHATI-EDITION#page/1/1.html]
[epaper.jugasankha.in/2729314/GUWAHATI-EDITION/GUWAHATI-EDITION#page/1/1.html]
[epaper.jugasankha.in/2728708/GUWAHATI-EDITION/GUWAHATI-EDITION#page/1/1.html]
[epaper.jugasankha.in/2727119/GUWAHATI-EDITION/GUWAHATI-EDITION#page/1/1.html]
[epaper.jugasankha.in/2726068/GUWAHATI-EDITION/GUWAHATI-EDITION#page/1/1.html]
[epaper.jugasankha.in/2724927/GUWAHATI-EDITION/GUWAHATI-EDITION#page/1/1.html]
[epaper.jugasankha.in/2723654/GUWAHATI-EDITION/GUWAHATI-EDITION#page/1/1.html]
[epaper.jugasankha.in/2722445/GUWAHATI-EDITION/GUWAHATI#page/1/1.html]
[epaper.jugasankha.in/2721441/GUWAHATI-EDITION/GUWAHATI-EDITION#page/1/1.html]
[epaper.jugasankha.in/2720166/GUWAHATI-EDITION/GUWAHATI-EDITION#page/1/1.html]
[epaper.jugasankha.in/2718691/GUWAHATI-EDITION/GUWAHATI-EDITION#page/1/1.html]
[cache.epapr.in/masthead/5e6ba6cc49d7e.jpg]
[epaper.jugasankha.in/2751477/SILCHAR-EDITION/SILCHAR-EDITION#page/1/1.html]
[epaper.jugasankha.in/2750468/SILCHAR-EDITION/SILCHAR-EDITION#page/1/1.html]
[epaper.jugasankha.in/2749121/SILCHAR-EDITION/SILCHAR-EDITION#page/1/1.html]
[epaper.jugasankha.in/2748079/SILCHAR-EDITION/SILCHAR-EDITION#page/1/1.html]
[epaper.jugasankha.in/2746889/SILCHAR-EDITION/SILCHAR-EDITION#page/1/1.html]
[epaper.jugasankha.in/2745689/SILCHAR-EDITION/SILCHAR-EDITION#page/1/1.html]
[epaper.jugasankha.in/2744405/SILCHAR-EDITION/SILCHAR-EDITION#page/1/1.html]
[epaper.jugasankha.in/2743190/SILCHAR-EDITION/SILCHAR-EDITION#page/1/1.html]
[epaper.jugasankha.in/2742013/SILCHAR-EDITION/SILCHAR-EDITION#page/1/1.html]
[epaper.jugasankha.in/2740686/SILCHAR-EDITION/SILCHAR-EDITION#page/1/1.html]
[epaper.jugasankha.in/2739624/SILCHAR-EDITION/SILCHAR-EDITION#page/1/1.html]
[epaper.jugasankha.in/2738381/SILCHAR-EDITION/SILCHAR-EDITION#page/1/1.html]
[epaper.jugasankha.in/2737218/SILCHAR-EDITION/SILCHAR-EDITION#page/1/1.html]
[epaper.jugasankha.in/2736016/SILCHAR-EDITION/SILCHAR-EDITION#page/1/1.html]
[epaper.jugasankha.in/2734636/SILCHAR-EDITION/SILCHAR-EDITION#page/1/1.html]
[epaper.jugasankha.in/2733194/SILCHAR-EDITION/SILCHAR-EDITION#page/1/1.html]
[epaper.jugasankha.in/2732310/SILCHAR-EDITION/SILCHAR-EDITION#page/1/1.html]
[epaper.jugasankha.in/2732180/SILCHAR-EDITION/SILCHAR-EDITION#page/1/1.html]
[epaper.jugasankha.in/2730878/SILCHAR-EDITION/SILCHAR-EDITION#page/1/1.html]
[epaper.jugasankha.in/2729778/SILCHAR-EDITION/SILCHAR-EDITION#page/1/1.html]
[epaper.jugasankha.in/2728709/SILCHAR-EDITION/SILCHAR-EDITION#page/1/1.html]
[epaper.jugasankha.in/2727317/SILCHAR-EDITION/SILCHAR-EDITION#page/1/1.html]
[epaper.jugasankha.in/2726180/SILCHAR-EDITION/SILCHAR-EDITION#page/1/1.html]
[epaper.jugasankha.in/2724930/SILCHAR-EDITION/SILCHAR-EDITION#page/1/1.html]
[epaper.jugasankha.in/2723666/SILCHAR-EDITION/SILCHAR-EDITION#page/1/1.html]
[epaper.jugasankha.in/2722446/SILCHAR-EDITION/SILCHAR#page/1/1.html]
[epaper.jugasankha.in/2721443/SILCHAR-EDITION/SILCHAR-EDITION#page/1/1.html]
[epaper.jugasankha.in/2720170/SILCHAR-EDITION/SILCHAR-EDITION#page/1/1.html]
[epaper.jugasankha.in/2718815/SILCHAR-EDITION/SILCHAR-EDITION#page/1/1.html]
[sf.readwhere.com/read/styles/bootstrap3.min5de8.css]
[sf.readwhere.com/read/styles/images/pdf-product.png]
[sf.readwhere.com/read/styles/images/jpgfile.png]
[sf.readwhere.com/read/styles/images/red_play_icon.png]
[sf.readwhere.com/read/styles/images/new_logo.png]
[sf.readwhere.com/read/styles/images/form_icon.png]
[sf.readwhere.com/read/styles/images/gallery_icon.png]
[sf.readwhere.com/read/styles/viewer-v455c1.css]
[sf.readwhere.com/read/styles/images/border-v.gif]
[sf.readwhere.com/read/styles/images/border-h.gif]
[sf.readwhere.com/read/styles/imgareaselect-default5de8.css]
[sf.readwhere.com/read/styles/bootstrap-tour43ab.css]
[gitcdn.github.io/bootstrap-toggle/2.2.2/css/bootstrap-toggle.min.css]
[maxcdn.bootstrapcdn.com/font-awesome/4.4.0/css/font-awesome.min.css]
[www.googletagmanager.com/gtm5445.html]
[connect.facebook.net/en_US/sdk.js]
[epaper.jugasankha.in/2752593/SILCHAR-EDITION/KOLKATA-EDITION#page/1/1.html]
[cache.epapr.in/masthead/5e3a92c3bf042.png]
[epaper.jugasankha.in/2540927/Dainik-Jugasankha/Kolkata-Edition-Bengali#page/1/1.html]
[cache.epapr.in/masthead/5e3a99f5dc96f.png]
[epaper.jugasankha.in/2540934/Jugasankha-Siliguri-Edition/Jugasankha-Siliguri-Edition#page/1/1.html]
[cache.epapr.in/masthead/5e3a9d0702de3.png]
[epaper.jugasankha.in/2540939/Jugasankha-Guwahati-Edition/Guwahti-Daily-Newspaper#page/1/1.html]
[cache.epapr.in/masthead/5e3a9dbb264da.png]
[epaper.jugasankha.in/2540940/Jugasankha-Silchar-Edition/Jugasankha-Daily-Newspaper#page/1/1.html]
[epaper.jugasankha.in/2752561/GUWAHATI-EDITION/GUWAHAT-EDITION#page/1/1.html]
[epaper.jugasankha.in/2752596/SILIGURI-EDITION/SILIGURI-EDITION#page/1/1.html]
[cache.epapr.in/masthead/5e6b4c3216e24.jpg]
[epaper.jugasankha.in/2592322/KOLKATA-EDITION/13-03-2020#page/1/1.html]
[cache.epapr.in/masthead/5e6b8865d45b9.jpg]
[epaper.jugasankha.in/2592372/GUWAHATI-EDITION/13-03-2020#page/1/1.html]
[cache.epapr.in/masthead/5e6ba5f6f2683.jpg]
[epaper.jugasankha.in/2592385/SILCHAR-EDITION/SILCHAR-EDITION#page/1/1.html]
[epaper.jugasankha.in/2752774/SILCHAR-EDITION/SILCHAR-EDITION#page/1/1.html]
[cache.epapr.in/masthead/5e6bd4c10b34b.jpg]
[epaper.jugasankha.in/2592809/KOLKATA-EDITION/KOLKATA-EDITION#page/1/1.html]
[cache.epapr.in/masthead/5e6bd5786dede.jpg]
[epaper.jugasankha.in/2592822/GUWAHATI-EDITION/GUWAHATI-EDITION#page/1/1.html]
[sf.readwhere.com/read/styles/sweet-alert553c.css]
[sf.readwhere.com/read/styles/smoothness/images/ui-bg_flat_75_ffffff_40x100.png]
[sf.readwhere.com/read/styles/smoothness/images/ui-bg_highlight-soft_75_cccccc_1x100.png]
[sf.readwhere.com/read/styles/smoothness/images/ui-bg_glass_75_e6e6e6_1x400.png]
[sf.readwhere.com/read/styles/smoothness/images/ui-bg_glass_75_dadada_1x400.png]
[sf.readwhere.com/read/styles/smoothness/images/ui-bg_glass_55_fbf9ee_1x400.png]
[sf.readwhere.com/read/styles/smoothness/images/ui-bg_glass_95_fef1ec_1x400.png]
[sf.readwhere.com/read/styles/smoothness/images/ui-icons_222222_256x240.png]
[sf.readwhere.com/read/styles/smoothness/images/ui-icons_888888_256x240.png]
[sf.readwhere.com/read/styles/smoothness/images/ui-icons_454545_256x240.png]
[sf.readwhere.com/read/styles/smoothness/images/ui-icons_2e83ff_256x240.png]
[sf.readwhere.com/read/styles/smoothness/images/ui-icons_cd0a0a_256x240.png]
[sf.readwhere.com/read/styles/smoothness/images/ui-bg_flat_0_aaaaaa_40x100.png]
[sf.readwhere.com/read/styles/smoothness/jquery-ui-1.8.16.customabec.css]
[connect.facebook.net/en_US/fbevents.js]
[epaper.jugasankha.in/2751463/SILCHAR-EDITION/KOLKATA-EDITION#page/1/POST.html]
[epaper.jugasankha.in/2751463/SILCHAR-EDITION/KOLKATA-EDITION#page/1/POST.html]
[www.okajewelry.com/templates/NewOKA/images/new/ProductImg_Loading.gif]
